// Jest Snapshot v1, https://goo.gl/fbAQLP

exports[`MainPage should render MainPage component correctly 1`] = `
{
  "asFragment": [Function],
  "baseElement": <body>
    <div>
      <div
        class="container"
      >
        <header
          class="header "
        >
          <div
            class="header__content"
          >
            <nav
              class="header__search"
            >
              <input
                class="search__bar"
                placeholder="Search..."
                type="text"
              />
              <button
                aria-label="search"
                class="search__btn"
              >
                <svg
                  aria-hidden="true"
                  class="svg-inline--fa fa-magnifying-glass "
                  data-icon="magnifying-glass"
                  data-prefix="fas"
                  focusable="false"
                  role="img"
                  viewBox="0 0 512 512"
                  xmlns="http://www.w3.org/2000/svg"
                >
                  <path
                    d="M416 208c0 45.9-14.9 88.3-40 122.7L502.6 457.4c12.5 12.5 12.5 32.8 0 45.3s-32.8 12.5-45.3 0L330.7 376c-34.4 25.2-76.8 40-122.7 40C93.1 416 0 322.9 0 208S93.1 0 208 0S416 93.1 416 208zM208 352a144 144 0 1 0 0-288 144 144 0 1 0 0 288z"
                    fill="currentColor"
                  />
                </svg>
              </button>
            </nav>
            <button
              class="redirect__btn"
            >
              Redirect to error page
            </button>
            <button
              class="theme__button"
            >
              Switch Theme 
              Light
            </button>
          </div>
        </header>
        <section
          class="list"
        >
          <div
            class="list__container"
          >
            <div
              class="list__btns"
            >
              <button
                class="list__prev list__btn"
              >
                Prev
              </button>
              <button
                class="list__next list__btn"
                data-testid="next"
              >
                Next
              </button>
            </div>
          </div>
        </section>
        <div>
          <button
            class="throw__error"
            data-testid="throw__error"
          >
            Throw Error
          </button>
        </div>
      </div>
      <div
        class="background "
        data-testid="background"
      >
           
      </div>
    </div>
  </body>,
  "container": <div>
    <div
      class="container"
    >
      <header
        class="header "
      >
        <div
          class="header__content"
        >
          <nav
            class="header__search"
          >
            <input
              class="search__bar"
              placeholder="Search..."
              type="text"
            />
            <button
              aria-label="search"
              class="search__btn"
            >
              <svg
                aria-hidden="true"
                class="svg-inline--fa fa-magnifying-glass "
                data-icon="magnifying-glass"
                data-prefix="fas"
                focusable="false"
                role="img"
                viewBox="0 0 512 512"
                xmlns="http://www.w3.org/2000/svg"
              >
                <path
                  d="M416 208c0 45.9-14.9 88.3-40 122.7L502.6 457.4c12.5 12.5 12.5 32.8 0 45.3s-32.8 12.5-45.3 0L330.7 376c-34.4 25.2-76.8 40-122.7 40C93.1 416 0 322.9 0 208S93.1 0 208 0S416 93.1 416 208zM208 352a144 144 0 1 0 0-288 144 144 0 1 0 0 288z"
                  fill="currentColor"
                />
              </svg>
            </button>
          </nav>
          <button
            class="redirect__btn"
          >
            Redirect to error page
          </button>
          <button
            class="theme__button"
          >
            Switch Theme 
            Light
          </button>
        </div>
      </header>
      <section
        class="list"
      >
        <div
          class="list__container"
        >
          <div
            class="list__btns"
          >
            <button
              class="list__prev list__btn"
            >
              Prev
            </button>
            <button
              class="list__next list__btn"
              data-testid="next"
            >
              Next
            </button>
          </div>
        </div>
      </section>
      <div>
        <button
          class="throw__error"
          data-testid="throw__error"
        >
          Throw Error
        </button>
      </div>
    </div>
    <div
      class="background "
      data-testid="background"
    >
         
    </div>
  </div>,
  "debug": [Function],
  "findAllByAltText": [Function],
  "findAllByDisplayValue": [Function],
  "findAllByLabelText": [Function],
  "findAllByPlaceholderText": [Function],
  "findAllByRole": [Function],
  "findAllByTestId": [Function],
  "findAllByText": [Function],
  "findAllByTitle": [Function],
  "findByAltText": [Function],
  "findByDisplayValue": [Function],
  "findByLabelText": [Function],
  "findByPlaceholderText": [Function],
  "findByRole": [Function],
  "findByTestId": [Function],
  "findByText": [Function],
  "findByTitle": [Function],
  "getAllByAltText": [Function],
  "getAllByDisplayValue": [Function],
  "getAllByLabelText": [Function],
  "getAllByPlaceholderText": [Function],
  "getAllByRole": [Function],
  "getAllByTestId": [Function],
  "getAllByText": [Function],
  "getAllByTitle": [Function],
  "getByAltText": [Function],
  "getByDisplayValue": [Function],
  "getByLabelText": [Function],
  "getByPlaceholderText": [Function],
  "getByRole": [Function],
  "getByTestId": [Function],
  "getByText": [Function],
  "getByTitle": [Function],
  "queryAllByAltText": [Function],
  "queryAllByDisplayValue": [Function],
  "queryAllByLabelText": [Function],
  "queryAllByPlaceholderText": [Function],
  "queryAllByRole": [Function],
  "queryAllByTestId": [Function],
  "queryAllByText": [Function],
  "queryAllByTitle": [Function],
  "queryByAltText": [Function],
  "queryByDisplayValue": [Function],
  "queryByLabelText": [Function],
  "queryByPlaceholderText": [Function],
  "queryByRole": [Function],
  "queryByTestId": [Function],
  "queryByText": [Function],
  "queryByTitle": [Function],
  "rerender": [Function],
  "unmount": [Function],
}
`;
