// Jest Snapshot v1, https://goo.gl/fbAQLP

exports[`TodoItem matches snapshot 1`] = `
<DocumentFragment>
  <div
    class="error"
  >
    <div
      class="error__overlay"
      data-testid="error__overlay"
    />
    <div
      class="error__inner"
    >
      <p
        class="error__title"
      >
        Something went wrong
      </p>
      <button
        class="error__btn"
        data-testid="error__btn"
      >
        Close
      </button>
    </div>
  </div>
</DocumentFragment>
`;
